// Jest Snapshot v1, https://goo.gl/fbAQLP

exports[`Success Page Component Testing take snapshot 1`] = `
<div
  style="outline: none;"
  tabindex="-1"
>
  <div
    class="style__Wrapper-fg0kfz-0 jJMUyh"
  >
    <div
      class="StyleComponents__Container-sc-11erdxt-0 fFgwWO"
    >
      <div
        class="StyleComponents__Row-sc-11erdxt-1 jhoSVF"
      >
        <div
          class="image-wrapper"
        >
          <img
            alt=""
            src="img.png"
          />
        </div>
        <h1>
          You have successfully purchased a ticket
        </h1>
        <p>
          an email containing ticket info was just sent to the email address provided during purchase.
        </p>
      </div>
    </div>
  </div>
</div>
`;
