// Jest Snapshot v1, https://goo.gl/fbAQLP

exports[`Showings Component Testing take snapshot when cinema & showings do match 1`] = `
<div
  style="outline: none;"
  tabindex="-1"
>
  <div
    data-testid="showings-wrapper"
  >
    <div>
      <h2
        class="cinema-name"
      >
        filmstaden kista
      </h2>
      <ul
        class="showings-list"
      />
    </div>
  </div>
</div>
`;

exports[`Showings Component Testing take snapshot when cinema & showings do not match 1`] = `
<div
  style="outline: none;"
  tabindex="-1"
>
  <div
    data-testid="showings-wrapper"
  >
    <div>
      <h2
        class="cinema-name"
      >
        filmstaden kista
      </h2>
      <ul
        class="showings-list"
      />
    </div>
  </div>
</div>
`;
