// Jest Snapshot v1, https://goo.gl/fbAQLP

exports[`PlayButton Component Testing take snapshot 1`] = `
<div
  style="outline: none;"
  tabindex="-1"
>
  <div
    class="style__Div-y1of7i-0 kOhgOG"
    data-testid="play-btn"
  >
    <div
      class="style__RoundBut-y1of7i-2 iqNHdy"
    >
      <a
        class="style__PlayBtn-y1of7i-1 BDDhv"
      >
        <svg
          aria-hidden="true"
          class="svg-inline--fa fa-play fa-w-14 "
          data-icon="play"
          data-prefix="fas"
          focusable="false"
          role="img"
          viewBox="0 0 448 512"
          xmlns="http://www.w3.org/2000/svg"
        >
          <path
            d="M424.4 214.7L72.4 6.6C43.8-10.3 0 6.1 0 47.9V464c0 37.5 40.7 60.1 72.4 41.3l352-208c31.4-18.5 31.5-64.1 0-82.6z"
            fill="currentColor"
          />
        </svg>
      </a>
    </div>
  </div>
</div>
`;
